---
source: crates/agent-tui-infra/src/infra/terminal/vterm_tests.rs
assertion_line: 63
expression: "(before, after)"
---
(
    TerminalRenderState {
        size: TerminalSize {
            cols: 10,
            rows: 4,
        },
        cursor: CursorPosition {
            row: 2,
            col: 2,
            visible: true,
        },
        plain_text: "wrap me\n       aga\nin",
        rendered: "\\u{1b}[0m\\u{1b}[m\\u{1b}[mwrap me\\u{1b}[0m\\u{1b}[m\\u{1b}[m   \\r\\n\\u{1b}[0m\\u{1b}[m\\u{1b}[m       aga\\r\\nin\\u{1b}[0m\\u{1b}[m\\u{1b}[m        \\r\\n          \\u{1b}[0m",
        compact_rendered: "\\u{1b}[0m\\u{1b}[m\\u{1b}[mwrap me\\r\\n       aga\\r\\nin\\u{1b}[0m",
    },
    TerminalRenderState {
        size: TerminalSize {
            cols: 14,
            rows: 4,
        },
        cursor: CursorPosition {
            row: 1,
            col: 12,
            visible: true,
        },
        plain_text: "wrap me\n       again",
        rendered: "\\u{1b}[0m\\u{1b}[m\\u{1b}[mwrap me\\u{1b}[0m\\u{1b}[m\\u{1b}[m       \\r\\n\\u{1b}[0m\\u{1b}[m\\u{1b}[m       again\\u{1b}[0m\\u{1b}[m\\u{1b}[m  \\r\\n              \\r\\n              \\u{1b}[0m",
        compact_rendered: "\\u{1b}[0m\\u{1b}[m\\u{1b}[mwrap me\\r\\n       again\\u{1b}[0m",
    },
)
