---
source: crates/agent-tui-infra/src/infra/terminal/render_tests.rs
expression: rendered.escape_debug().to_string()
---
\u{1b}[0mA\u{1b}[0m\u{1b}[1m\u{1b}[4m\u{1b}[38;5;1m\u{1b}[48;2;16;32;48mBC\r\n\u{1b}[0m\u{1b}[7mD\u{1b}[0m \u{1b}[0m\u{1b}[1m\u{1b}[4m\u{1b}[38;5;1m\u{1b}[48;2;16;32;48mE\u{1b}[0m
